[futurocoin.com/index.html]
[backblue.gif]
[fade.gif]
[index.html]
[futurocoin.com/images/thumbnail.jpg]
[futurocoin.com/images/favicon-apple.png]
[futurocoin.com/images/favicon.png]
[futurocoin.com/files/graph-average5270.png]
[futurocoin.com/images/logo/yobit5270.png]
[futurocoin.com/images/logo/piyasa5270.png]
[futurocoin.com/images/logo/coindeal5270.png]
[futurocoin.com/images/logo/southxchange5270.png]
[futurocoin.com/images/icon/open-source5270.png]
[futurocoin.com/images/icon/centralised5270.png]
[futurocoin.com/images/icon/decentralised5270.png]
[futurocoin.com/images/icon/redefine-illu5270.png]
[futurocoin.com/images/logo/github5270.png]
[futurocoin.com/images/timeline/logo-circle5270.png]
[futurocoin.com/download/FuturoCoin-white-paper-en-31.01.18.pdf]
[futurocoin.com/images/bg/desktop-bg5270.png]
[futurocoin.com/images/partners/future-net-color5270.png]
[futurocoin.com/images/partners/future-adpro-color5270.png]
[futurocoin.com/images/partners/fnwallet-color5270.png]
[futurocoin.com/images/partners/futurenet-foundation-color5270.png]
[futurocoin.com/images/partners/bitcoin-api-color5270.png]
[futurocoin.com/images/partners/24-bas-color-25270.png]
[futurocoin.com/images/partners/board-best-color5270.png]
[futurocoin.com/images/partners/future-voip-color5270.png]
[futurocoin.com/images/partners/futurenet-cafe-color5270.png]
[futurocoin.com/images/partners/futurocloud-color5270.png]
[futurocoin.com/images/partners/webtranslator-color5270.png]
[futurocoin.com/informing-clause.html]
[futurocoin.com/vendor/jquery-3.3.1.min.js]
[futurocoin.com/vendor/particles.js/particles.min.js]
[futurocoin.com/vendor/aos/aos.js]
[futurocoin.com/vendor/slick/slick.min.js]
[futurocoin.com/vendor/parsley.min.js]
[futurocoin.com/vendor/fancybox/jquery.fancybox.min.js]
[futurocoin.com/scripts/global.min5270.js]
[futurocoin.com/vendor/moment.min.js]
[futurocoin.com/vendor/Chart.min.js]
[futurocoin.com/scripts/news.min.js]
[futurocoin.com/scripts/charts.min5270.js]
[futurocoin.com/index.html]
[futurocoin.com/vendor/aos/aos.css]
[futurocoin.com/vendor/fancybox/jquery.fancybox.min.css]
[fn1.shad0w.pl/media/js/mautic-form.js]
[futurocoin.com/fonts/BasierSquare-Regular.otf]
[futurocoin.com/fonts/BasierSquare-Medium.otf]
[futurocoin.com/fonts/DINPro-Medium.otf]
[futurocoin.com/images/social/rd5270.png]
[futurocoin.com/images/icon/arrow-right5270.png]
[futurocoin.com/images/icon/play-button5270.png]
[futurocoin.com/images/feature/rocket5270.png]
[futurocoin.com/images/feature/double-spend5270.png]
[futurocoin.com/images/feature/fees5270.png]
[futurocoin.com/images/feature/whitepaper5270.png]
[futurocoin.com/images/bg/slider5270.jpg]
[futurocoin.com/images/bg/people5270.png]
[futurocoin.com/images/bg/whitepaper-bg.png]
[futurocoin.com/css/main.min5270.css]
[www.googletagmanager.com/gtm5445.html]
[futurocoin.com/images/fto-logo5270.svg]
[futurocoin.com/images/timeline/phone-ic5270.svg]
[futurocoin.com/images/timeline/futurodice5270.svg]
[futurocoin.com/images/timeline/bitcoin5270.svg]
[futurocoin.com/images/timeline/atm5270.svg]
[futurocoin.com/images/timeline/box5270.svg]
[futurocoin.com/images/timeline/explorer5270.svg]
[futurocoin.com/informing-clause.html]
[futurocoin.com/images/icon/tick5270.svg]
[futurocoin.com/images/social/fb5270.svg]
[futurocoin.com/images/social/tg5270.svg]
[futurocoin.com/images/social/tt5270.svg]
[futurocoin.com/images/social/vk5270.svg]
[futurocoin.com/images/social/we5270.svg]
[futurocoin.com/images/social/yt5270.svg]
[futurocoin.com/images/icon/arrowdown5270.svg]
[futurocoin.com/images/icon/throbber.svg]
